// Jest Snapshot v1, https://goo.gl/fbAQLP

exports[`req is not valid 1`] = `"req doesn't have a valid token"`;
