// Jest Snapshot v1, https://goo.gl/fbAQLP

exports[`2 + 2 = 4 1`] = `4`;
